---
http_interactions:
- request:
    method: get
    uri: http://localhost:3000/api/v1/1000/trips
    body:
      encoding: US-ASCII
      string: ''
    headers:
      User-Agent:
      - Faraday v2.6.0
      Accept-Encoding:
      - gzip;q=1.0,deflate;q=0.6,identity;q=0.3
      Accept:
      - "*/*"
  response:
    status:
      code: 200
      message: OK
    headers:
      Content-Type:
      - application/json; charset=utf-8
      Etag:
      - W/"9170b523fe8201770bbc7624b363d202"
      Cache-Control:
      - max-age=0, private, must-revalidate
      X-Request-Id:
      - f43e57db-2645-40da-8eea-787b1494a9bd
      X-Runtime:
      - '0.004947'
      Transfer-Encoding:
      - chunked
    body:
      encoding: UTF-8
      string: '{"data":[{"id":"2","type":"trip","attributes":{"uid":"1000","name":"Test_Trip_2","departure_date":"2022-11-09T01:47:21.757Z","arrival_date":"2022-11-14T01:46:51.757Z"},"relationships":{"stops":{"data":[{"id":"3","type":"stop"},{"id":"4","type":"stop"}],"links":{"related":"https://trip-weather-2022.herokuapp.com/api/v1/106758666395730546327/trips/2/stops/"}}},"links":{"self":"https://trip-weather-2022.herokuapp.com/api/v1/1000/trips/2"}},{"id":"3","type":"trip","attributes":{"uid":"1000","name":"Test_Trip_3","departure_date":"2022-11-09T01:47:21.763Z","arrival_date":"2022-11-19T01:46:51.763Z"},"relationships":{"stops":{"data":[{"id":"5","type":"stop"},{"id":"6","type":"stop"}],"links":{"related":"https://trip-weather-2022.herokuapp.com/api/v1/106758666395730546327/trips/3/stops/"}}},"links":{"self":"https://trip-weather-2022.herokuapp.com/api/v1/1000/trips/3"}},{"id":"4","type":"trip","attributes":{"uid":"1000","name":"Test_Trip_4","departure_date":"2022-11-09T01:47:21.767Z","arrival_date":"2022-11-19T01:46:51.767Z"},"relationships":{"stops":{"data":[{"id":"7","type":"stop"},{"id":"8","type":"stop"}],"links":{"related":"https://trip-weather-2022.herokuapp.com/api/v1/106758666395730546327/trips/4/stops/"}}},"links":{"self":"https://trip-weather-2022.herokuapp.com/api/v1/1000/trips/4"}},{"id":"1","type":"trip","attributes":{"uid":"1000","name":"The
        Great Trip","departure_date":"2022-11-29T13:00:00.000Z","arrival_date":"2024-11-10T13:37:38.000Z"},"relationships":{"stops":{"data":[{"id":"1","type":"stop"},{"id":"2","type":"stop"}],"links":{"related":"https://trip-weather-2022.herokuapp.com/api/v1/106758666395730546327/trips/1/stops/"}}},"links":{"self":"https://trip-weather-2022.herokuapp.com/api/v1/1000/trips/1"}}]}'
  recorded_at: Wed, 09 Nov 2022 01:47:37 GMT
- request:
    method: get
    uri: http://localhost:3000/api/v1/1000/trips/3
    body:
      encoding: US-ASCII
      string: ''
    headers:
      User-Agent:
      - Faraday v2.6.0
      Accept-Encoding:
      - gzip;q=1.0,deflate;q=0.6,identity;q=0.3
      Accept:
      - "*/*"
  response:
    status:
      code: 200
      message: OK
    headers:
      Content-Type:
      - application/json; charset=utf-8
      Etag:
      - W/"e179a0d248ef561f5f725aa0dceb6a61"
      Cache-Control:
      - max-age=0, private, must-revalidate
      X-Request-Id:
      - 0b6fea14-6626-418b-9b53-a1876cb3ca6b
      X-Runtime:
      - '0.004500'
      Transfer-Encoding:
      - chunked
    body:
      encoding: UTF-8
      string: '{"data":{"id":"3","type":"trip","attributes":{"uid":"1000","name":"Test_Trip_3","departure_date":"2022-11-09T01:47:21.763Z","arrival_date":"2022-11-19T01:46:51.763Z"},"relationships":{"stops":{"data":[{"id":"5","type":"stop"},{"id":"6","type":"stop"}],"links":{"related":"https://trip-weather-2022.herokuapp.com/api/v1/106758666395730546327/trips/3/stops/"}}},"links":{"self":"https://trip-weather-2022.herokuapp.com/api/v1/1000/trips/3"}}}'
  recorded_at: Wed, 09 Nov 2022 01:47:37 GMT
- request:
    method: get
    uri: http://localhost:3000/api/v1/1000/trips/3/stops
    body:
      encoding: US-ASCII
      string: ''
    headers:
      User-Agent:
      - Faraday v2.6.0
      Accept-Encoding:
      - gzip;q=1.0,deflate;q=0.6,identity;q=0.3
      Accept:
      - "*/*"
  response:
    status:
      code: 200
      message: OK
    headers:
      Content-Type:
      - application/json; charset=utf-8
      Etag:
      - W/"c5d26b94ca8adcd256aa912b2ac8feac"
      Cache-Control:
      - max-age=0, private, must-revalidate
      X-Request-Id:
      - 4d53a17e-39b9-4353-a886-d05be2aac50b
      X-Runtime:
      - '0.003795'
      Transfer-Encoding:
      - chunked
    body:
      encoding: UTF-8
      string: '{"data":[{"id":"5","type":"stop","attributes":{"type_of_stop":"start"},"relationships":{"address":{"data":{"id":"5","type":"address"},"links":{"related":"https://trip-weather-2022.herokuapp.com/api/v1/106758666395730546327/trips/3/stops/5/addresses/5"}}},"links":{"self":"https://trip-weather-2022.herokuapp.com/api/v1/1000/trips/3/stops/5"}},{"id":"6","type":"stop","attributes":{"type_of_stop":"end"},"relationships":{"address":{"data":{"id":"6","type":"address"},"links":{"related":"https://trip-weather-2022.herokuapp.com/api/v1/106758666395730546327/trips/3/stops/6/addresses/6"}}},"links":{"self":"https://trip-weather-2022.herokuapp.com/api/v1/1000/trips/3/stops/6"}}]}'
  recorded_at: Wed, 09 Nov 2022 01:47:37 GMT
- request:
    method: get
    uri: http://localhost:3000/api/v1/1000/trips/3/stops/5/addresses/5
    body:
      encoding: US-ASCII
      string: ''
    headers:
      User-Agent:
      - Faraday v2.6.0
      Accept-Encoding:
      - gzip;q=1.0,deflate;q=0.6,identity;q=0.3
      Accept:
      - "*/*"
  response:
    status:
      code: 200
      message: OK
    headers:
      Content-Type:
      - application/json; charset=utf-8
      Etag:
      - W/"6bf5a80eb3fd65a35da208963111f6ed"
      Cache-Control:
      - max-age=0, private, must-revalidate
      X-Request-Id:
      - a0f5c279-a3da-4013-ae9f-f8eaeeec9027
      X-Runtime:
      - '0.001887'
      Transfer-Encoding:
      - chunked
    body:
      encoding: UTF-8
      string: '{"data":{"id":"5","type":"address","attributes":{"location":"Suite
        158 8439 Pagac Square, Aletaside, PA 35194-2888"}}}'
  recorded_at: Wed, 09 Nov 2022 01:47:37 GMT
- request:
    method: get
    uri: http://localhost:3000/api/v1/1000/trips/3/stops/6/addresses/6
    body:
      encoding: US-ASCII
      string: ''
    headers:
      User-Agent:
      - Faraday v2.6.0
      Accept-Encoding:
      - gzip;q=1.0,deflate;q=0.6,identity;q=0.3
      Accept:
      - "*/*"
  response:
    status:
      code: 200
      message: OK
    headers:
      Content-Type:
      - application/json; charset=utf-8
      Etag:
      - W/"3003362c7d8f904c0fed2c7d43c95ecb"
      Cache-Control:
      - max-age=0, private, must-revalidate
      X-Request-Id:
      - de1d3864-09b2-4cba-9979-d17343473164
      X-Runtime:
      - '0.004912'
      Transfer-Encoding:
      - chunked
    body:
      encoding: UTF-8
      string: '{"data":{"id":"6","type":"address","attributes":{"location":"418 Bogan
        Roads, South Renea, NJ 89316-9333"}}}'
  recorded_at: Wed, 09 Nov 2022 01:47:37 GMT
- request:
    method: put
    uri: http://localhost:3000/api/v1/1000/trips/3/stops/5/addresses/5?address%5Blocation%5D=456%20Claus%20Place,%20Birmingham,%20CO%2080012
    body:
      encoding: UTF-8
      string: '{"query":"update_address"}'
    headers:
      User-Agent:
      - Faraday v2.6.0
      Content-Type:
      - application/json
      Accept-Encoding:
      - gzip;q=1.0,deflate;q=0.6,identity;q=0.3
      Accept:
      - "*/*"
  response:
    status:
      code: 200
      message: OK
    headers:
      Content-Type:
      - application/json; charset=utf-8
      Etag:
      - W/"cb7e53b50caf8bdd336ccf6217cb9b11"
      Cache-Control:
      - max-age=0, private, must-revalidate
      X-Request-Id:
      - 8776c72d-4a9a-4211-b085-9e73c1e83085
      X-Runtime:
      - '0.009269'
      Transfer-Encoding:
      - chunked
    body:
      encoding: UTF-8
      string: '{"data":{"id":"5","type":"address","attributes":{"location":"456 Claus
        Place, Birmingham, CO 80012"}}}'
  recorded_at: Wed, 09 Nov 2022 01:47:37 GMT
- request:
    method: get
    uri: http://localhost:3000/api/v1/1000/trips/3
    body:
      encoding: US-ASCII
      string: ''
    headers:
      User-Agent:
      - Faraday v2.6.0
      Accept-Encoding:
      - gzip;q=1.0,deflate;q=0.6,identity;q=0.3
      Accept:
      - "*/*"
  response:
    status:
      code: 200
      message: OK
    headers:
      Content-Type:
      - application/json; charset=utf-8
      Etag:
      - W/"e179a0d248ef561f5f725aa0dceb6a61"
      Cache-Control:
      - max-age=0, private, must-revalidate
      X-Request-Id:
      - bce98d9f-f248-4634-aaf7-cc182ccaa34d
      X-Runtime:
      - '0.005382'
      Transfer-Encoding:
      - chunked
    body:
      encoding: UTF-8
      string: '{"data":{"id":"3","type":"trip","attributes":{"uid":"1000","name":"Test_Trip_3","departure_date":"2022-11-09T01:47:21.763Z","arrival_date":"2022-11-19T01:46:51.763Z"},"relationships":{"stops":{"data":[{"id":"5","type":"stop"},{"id":"6","type":"stop"}],"links":{"related":"https://trip-weather-2022.herokuapp.com/api/v1/106758666395730546327/trips/3/stops/"}}},"links":{"self":"https://trip-weather-2022.herokuapp.com/api/v1/1000/trips/3"}}}'
  recorded_at: Wed, 09 Nov 2022 01:47:37 GMT
- request:
    method: get
    uri: http://localhost:3000/api/v1/1000/trips/3/stops
    body:
      encoding: US-ASCII
      string: ''
    headers:
      User-Agent:
      - Faraday v2.6.0
      Accept-Encoding:
      - gzip;q=1.0,deflate;q=0.6,identity;q=0.3
      Accept:
      - "*/*"
  response:
    status:
      code: 200
      message: OK
    headers:
      Content-Type:
      - application/json; charset=utf-8
      Etag:
      - W/"c5d26b94ca8adcd256aa912b2ac8feac"
      Cache-Control:
      - max-age=0, private, must-revalidate
      X-Request-Id:
      - b11c76d2-fb21-479d-a774-9e66cc13cf61
      X-Runtime:
      - '0.006117'
      Transfer-Encoding:
      - chunked
    body:
      encoding: UTF-8
      string: '{"data":[{"id":"5","type":"stop","attributes":{"type_of_stop":"start"},"relationships":{"address":{"data":{"id":"5","type":"address"},"links":{"related":"https://trip-weather-2022.herokuapp.com/api/v1/106758666395730546327/trips/3/stops/5/addresses/5"}}},"links":{"self":"https://trip-weather-2022.herokuapp.com/api/v1/1000/trips/3/stops/5"}},{"id":"6","type":"stop","attributes":{"type_of_stop":"end"},"relationships":{"address":{"data":{"id":"6","type":"address"},"links":{"related":"https://trip-weather-2022.herokuapp.com/api/v1/106758666395730546327/trips/3/stops/6/addresses/6"}}},"links":{"self":"https://trip-weather-2022.herokuapp.com/api/v1/1000/trips/3/stops/6"}}]}'
  recorded_at: Wed, 09 Nov 2022 01:47:37 GMT
- request:
    method: get
    uri: http://localhost:3000/api/v1/1000/trips/3/stops/5/addresses/5
    body:
      encoding: US-ASCII
      string: ''
    headers:
      User-Agent:
      - Faraday v2.6.0
      Accept-Encoding:
      - gzip;q=1.0,deflate;q=0.6,identity;q=0.3
      Accept:
      - "*/*"
  response:
    status:
      code: 200
      message: OK
    headers:
      Content-Type:
      - application/json; charset=utf-8
      Etag:
      - W/"cb7e53b50caf8bdd336ccf6217cb9b11"
      Cache-Control:
      - max-age=0, private, must-revalidate
      X-Request-Id:
      - '02900644-3784-40c0-a2f5-24eb4a51b540'
      X-Runtime:
      - '0.003061'
      Transfer-Encoding:
      - chunked
    body:
      encoding: UTF-8
      string: '{"data":{"id":"5","type":"address","attributes":{"location":"456 Claus
        Place, Birmingham, CO 80012"}}}'
  recorded_at: Wed, 09 Nov 2022 01:47:37 GMT
- request:
    method: get
    uri: http://localhost:3000/api/v1/1000/trips/3/stops/6/addresses/6
    body:
      encoding: US-ASCII
      string: ''
    headers:
      User-Agent:
      - Faraday v2.6.0
      Accept-Encoding:
      - gzip;q=1.0,deflate;q=0.6,identity;q=0.3
      Accept:
      - "*/*"
  response:
    status:
      code: 200
      message: OK
    headers:
      Content-Type:
      - application/json; charset=utf-8
      Etag:
      - W/"3003362c7d8f904c0fed2c7d43c95ecb"
      Cache-Control:
      - max-age=0, private, must-revalidate
      X-Request-Id:
      - 2441da62-b146-4d94-9fbe-ac39dd56d1f8
      X-Runtime:
      - '0.002910'
      Transfer-Encoding:
      - chunked
    body:
      encoding: UTF-8
      string: '{"data":{"id":"6","type":"address","attributes":{"location":"418 Bogan
        Roads, South Renea, NJ 89316-9333"}}}'
  recorded_at: Wed, 09 Nov 2022 01:47:37 GMT
recorded_with: VCR 6.1.0
